// Vitest Snapshot v1, https://vitest.dev/guide/snapshot.html

exports[`Logo > matches snapshot (card variant) 1`] = `
<span
  aria-hidden="false"
  class="inline-flex items-center justify-center flex-shrink-0 bg-cream-100 ring-1 ring-cream-300/60 shadow-card "
  style="width: 32px; height: 32px; border-radius: 6px; padding: 4px;"
>
  <img
    alt="HoundShield"
    class="object-contain"
    data-nimg="1"
    decoding="async"
    height="25"
    src="/_next/image?url=%2Fhoundshield-logo.png&w=64&q=75"
    srcset="/_next/image?url=%2Fhoundshield-logo.png&w=32&q=75 1x, /_next/image?url=%2Fhoundshield-logo.png&w=64&q=75 2x"
    style="color: transparent; border-radius: 4px;"
    width="25"
  />
</span>
`;
